05-22 20:06:58.769  1000   579  7278 E ActivityManager: ANR in vip.com.vipmeetings
05-22 20:06:58.769  1000   579  7278 E ActivityManager: PID: 7126
05-22 20:06:58.769  1000   579  7278 E ActivityManager: Reason: No response to onStartJob
05-22 20:06:58.769  1000   579  7278 E ActivityManager: ErrorId: 57f6251e-2616-4b69-907f-1c058b0b85fd
05-22 20:06:58.769  1000   579  7278 E ActivityManager: Frozen: false
05-22 20:06:58.769  1000   579  7278 E ActivityManager: Load: 2.15 / 1.43 / 2.65
05-22 20:06:58.769  1000   579  7278 E ActivityManager: ----- Output from /proc/pressure/memory -----
05-22 20:06:58.769  1000   579  7278 E ActivityManager: some avg10=0.85 avg60=0.31 avg300=0.25 total=29296949
05-22 20:06:58.769  1000   579  7278 E ActivityManager: full avg10=0.40 avg60=0.14 avg300=0.05 total=6890833
05-22 20:06:58.769  1000   579  7278 E ActivityManager: ----- End output from /proc/pressure/memory -----
05-22 20:06:58.769  1000   579  7278 E ActivityManager: ----- Output from /proc/pressure/cpu -----
05-22 20:06:58.769  1000   579  7278 E ActivityManager: some avg10=17.52 avg60=6.36 avg300=3.82 total=226323711
05-22 20:06:58.769  1000   579  7278 E ActivityManager: full avg10=0.00 avg60=0.00 avg300=0.00 total=0
05-22 20:06:58.769  1000   579  7278 E ActivityManager: ----- End output from /proc/pressure/cpu -----
05-22 20:06:58.769  1000   579  7278 E ActivityManager: ----- Output from /proc/pressure/io -----
05-22 20:06:58.769  1000   579  7278 E ActivityManager: some avg10=0.94 avg60=0.31 avg300=0.19 total=20228792
05-22 20:06:58.769  1000   579  7278 E ActivityManager: full avg10=0.19 avg60=0.05 avg300=0.01 total=3797072
05-22 20:06:58.769  1000   579  7278 E ActivityManager: ----- End output from /proc/pressure/io -----
05-22 20:06:58.769  1000   579  7278 E ActivityManager: 
05-22 20:06:58.769  1000   579  7278 E ActivityManager: CPU usage from 127459ms to -3ms ago (2025-05-22 20:04:48.111 to 2025-05-22 20:06:55.573):
05-22 20:06:58.769  1000   579  7278 E ActivityManager:   41% 810/com.android.systemui: 24% user + 17% kernel / faults: 586182 minor 93 major
05-22 20:06:58.769  1000   579  7278 E ActivityManager:   11% 374/android.hardware.sensors-service.multihal: 5.8% user + 5.7% kernel
05-22 20:06:58.769  1000   579  7278 E ActivityManager:   5.8% 417/surfaceflinger: 2.7% user + 3.1% kernel / faults: 126 minor 77 major
05-22 20:06:58.769  1000   579  7278 E ActivityManager:   5.2% 579/system_server: 2.7% user + 2.4% kernel / faults: 15130 minor 178 major
05-22 20:06:58.769  1000   579  7278 E ActivityManager:   1.7% 385/android.hardware.graphics.composer3-service.ranchu: 0.8% user + 0.8% kernel / faults: 78 major
05-22 20:06:58.769  1000   579  7278 E ActivityManager:   1% 6995/kworker/2:0-virtio_vsock: 0% user + 1% kernel
05-22 20:06:58.769  1000   579  7278 E ActivityManager:   0.7% 6616/adbd: 0.2% user + 0.4% kernel / faults: 12916 minor
05-22 20:06:58.769  1000   579  7278 E ActivityManager:   0.6% 4250/com.google.android.gms: 0.3% user + 0.3% kernel / faults: 3053 minor 3782 major
05-22 20:06:58.769  1000   579  7278 E ActivityManager:   0.6% 1489/com.google.android.apps.wellbeing: 0.2% user + 0.3% kernel / faults: 5162 minor 3552 major
05-22 20:06:58.769  1000   579  7278 E ActivityManager:   0% 5248/com.google.android.permissioncontroller: 0% user + 0% kernel / faults: 1525 minor 724 major
05-22 20:06:58.769  1000   579  7278 E ActivityManager: 17% TOTAL: 8.5% user + 6.8% kernel + 0% iowait + 1.8% irq + 0% softirq
05-22 20:06:58.769  1000   579  7278 E ActivityManager: CPU usage from 72ms to 812ms later (2025-05-22 20:06:55.642 to 2025-05-22 20:06:56.382):
05-22 20:06:58.769  1000   579  7278 E ActivityManager:   62% 579/system_server: 33% user + 29% kernel / faults: 376 minor 11 major
05-22 20:06:58.769  1000   579  7278 E ActivityManager:     60% 7279/AnrAuxiliaryTas: 31% user + 29% kernel
05-22 20:06:58.769  1000   579  7278 E ActivityManager:     3.4% 579/system_server: 1.7% user + 1.7% kernel
05-22 20:06:58.769  1000   579  7278 E ActivityManager:   52% 810/com.android.systemui: 29% user + 22% kernel / faults: 2663 minor
05-22 20:06:58.769  1000   579  7278 E ActivityManager:     40% 810/ndroid.systemui: 26% user + 14% kernel
05-22 20:06:58.769  1000   579  7278 E ActivityManager:     5.2% 825/HeapTaskDaemon: 3.5% user + 1.7% kernel
05-22 20:06:58.769  1000   579  7278 E ActivityManager:     3.5% 824/Jit thread pool: 1.7% user + 1.7% kernel
05-22 20:06:58.769  1000   579  7278 E ActivityManager:     3.5% 900/SysUiBg: 0% user + 3.5% kernel
05-22 20:06:58.769  1000   579  7278 E ActivityManager:   89% 7126/vip.com.vipmeetings: 43% user + 46% kernel / faults: 26282 minor 12 major
05-22 20:06:58.769  1000   579  7278 E ActivityManager:     89% 7150/Signal Catcher: 43% user + 46% kernel
05-22 20:06:58.769  1000   579  7278 E ActivityManager:   14% 374/android.hardware.sensors-service.multihal: 8.3% user + 6.6% kernel
05-22 20:06:58.769  1000   579  7278 E ActivityManager:     13% 411/android.hardwar: 6.6% user + 6.6% kernel
05-22 20:06:58.769  1000   579  7278 E ActivityManager:   5% 417/surfaceflinger: 3.3% user + 1.6% kernel
05-22 20:06:58.769  1000   579  7278 E ActivityManager:     3.3% 524/TimerDispatch: 3.3% user + 0% kernel
05-22 20:06:58.769  1000   579  7278 E ActivityManager:     1.6% 526/app: 0% user + 1.6% kernel
05-22 20:06:58.769  1000   579  7278 E ActivityManager:   3.3% 408/audioserver: 1.6% user + 1.6% kernel
05-22 20:06:58.769  1000   579  7278 E ActivityManager:     3.3% 540/AudioOut_D: 1.6% user + 1.6% kernel
05-22 20:06:58.769  1000   579  7278 E ActivityManager:   1.3% 14/rcu_preempt: 0% user + 1.3% kernel
05-22 20:06:58.769  1000   579  7278 E ActivityManager:   1.6% 361/android.hardware.audio.service: 0% user + 1.6% kernel
05-22 20:06:58.769  1000   579  7278 E ActivityManager:     3.2% 6500/HwBinder:361_2: 1.6% user + 1.6% kernel
05-22 20:06:58.769  1000   579  7278 E ActivityManager:   3.5% 7074/kworker/2:2-virtio_vsock: 0% user + 3.5% kernel
05-22 20:06:58.769  1000   579  7278 E ActivityManager: 63% TOTAL: 26% user + 26% kernel + 4.8% iowait + 4.8% irq + 0.3% softirq
05-22 20:06:58.778  1000   579  7278 D ActivityManager: Completed ANR of vip.com.vipmeetings in 3208ms, latency 1ms
05-22 20:06:58.800  1000   579  7285 I DropBoxManagerService: add tag=data_app_anr isTagEnabled=true flags=0x6
05-22 20:06:58.819  1000   579   606 D CoreBackPreview: Window{a09ac75 u0 Application Not Responding: vip.com.vipmeetings}: Setting back callback OnBackInvokedCallbackInfo{mCallback=android.window.WindowOnBackInvokedDispatcher$OnBackInvokedCallbackWrapper@8354a62, mPriority=0, mIsAnimationCallback=false}
05-22 20:06:58.831  1000   579  4827 E OpenGLRenderer: Unable to match the desired swap behavior.
05-22 20:06:59.281 10128  1351  1351 W SystemServiceRegistry: No service published for: persistent_data_block
05-22 20:06:59.884 10128  4250  4250 D BoundBrokerSvc: onUnbind: Intent { act=com.google.android.gms.measurement.START pkg=com.google.android.gms }
05-22 20:06:59.890  1002  6725  6783 D BtGatt.ScanManager: uid 10128 isForeground true scanMode -1
05-22 20:07:00.041 10126  1542  1759 I AiAiEcho: Predicting[0]: 
05-22 20:07:00.042 10126  1542  1759 I AiAiEcho: EchoTargets: 
05-22 20:07:00.042 10126  1542  1759 I AiAiEcho: Filtered by AiAi flag check: 
05-22 20:07:00.043 10126  1542  1759 I AiAiEcho: Ranked targets strategy: SORT, count: 0, ranking metadata: 
05-22 20:07:00.043 10163   810   902 D EGL_emulation: app_time_stats: avg=4460.85ms min=4460.85ms max=4460.85ms count=1
05-22 20:07:00.046 10126  1542  1759 I AiAiEcho: #postPredictionTargets: Sending updates to UISurface lockscreen with targets# 0 (types=[])
05-22 20:07:00.060 10163   810   810 W PageIndicator: Total number of pages invalid: 0. Assuming 1 page.
05-22 20:07:00.793 10158  1064  1064 D TaplEvents: TIS / TouchInteractionService.onInputEvent: MotionEvent { action=ACTION_DOWN, actionButton=0, id[0]=0, x[0]=322.96484, y[0]=1373.9502, toolType[0]=TOOL_TYPE_FINGER, buttonState=0, classification=NONE, metaState=0, flags=0x0, edgeFlags=0x0, pointerCount=1, historySize=0, eventTime=1377200, downTime=1377200, deviceId=4, source=0x5002, displayId=0, eventId=270268846 }
05-22 20:07:00.794  1000   579   606 D AutofillManager: Fill dialog is enabled:false, hints=[password, passwordAuto, creditCardNumber, creditCardSecurityCode, creditCardExpirationDate]
05-22 20:07:00.902 10158  1064  1064 D TaplEvents: TIS / TouchInteractionService.onInputEvent: MotionEvent { action=ACTION_UP, actionButton=0, id[0]=0, x[0]=322.96484, y[0]=1373.9502, toolType[0]=TOOL_TYPE_FINGER, buttonState=0, classification=NONE, metaState=0, flags=0x0, edgeFlags=0x0, pointerCount=1, historySize=0, eventTime=1377272, downTime=1377200, deviceId=4, source=0x5002, displayId=0, eventId=374273421 }
05-22 20:07:00.923  1000   579  4827 D EGL_emulation: app_time_stats: avg=156.77ms min=2.65ms max=1833.76ms count=12
05-22 20:07:00.945  1041   408   433 D audioserver: FGS Logger Transaction failed
05-22 20:07:00.945  1041   408   433 D audioserver: -129
05-22 20:07:01.021  1000   579   606 W WindowOnBackDispatcher: sendCancelIfRunning: isInProgress=falsecallback=android.view.ViewRootImpl$$ExternalSyntheticLambda17@197f52d
05-22 20:07:01.022  1000   579   606 D CoreBackPreview: Window{a09ac75 u0 Application Not Responding: vip.com.vipmeetings}: Setting back callback null
05-22 20:07:01.026  1041   408   540 D AudioFlinger: mixer(0x77381f823930) throttle end: throttle time(36)
05-22 20:07:01.038  1000   579  4827 D OpenGLRenderer: endAllActiveAnimators on 0x7b1ff5af5410 (RippleDrawable) with handle 0x7b21b5c626e0
05-22 20:07:01.042  1000   579   606 W InputManager-JNI: Input channel object 'a09ac75 Application Not Responding: vip.com.vipmeetings (client)' was disposed without first being removed with the input manager!
05-22 20:07:01.057  1000   579   608 V WindowManager: Unknown focus tokens, dropping reportFocusChanged
05-22 20:07:01.091  1000   579  2161 I ImeTracker: vip.com.vipmeetings:fb2f8ea5: onRequestHide at ORIGIN_SERVER_HIDE_INPUT reason HIDE_SAME_WINDOW_FOCUSED_WITHOUT_EDITOR
05-22 20:07:01.092  1000   579  2161 I ImeTracker: vip.com.vipmeetings:fb2f8ea5: onCancelled at PHASE_SERVER_SHOULD_HIDE
05-22 20:07:01.094 10142  1468  1468 I GoogleInputMethodService: GoogleInputMethodService.onFinishInput():3227 
05-22 20:07:01.097 10142  1468  1468 I GoogleInputMethodService: GoogleInputMethodService.updateDeviceLockedStatus():2087 repeatCheckTimes = 0, unlocked = true
05-22 20:07:01.104 10142  1468  1468 I GoogleInputMethodService: GoogleInputMethodService.onStartInput():1877 onStartInput(EditorInfo{inputType=0x0(NULL) imeOptions=0x0 privateImeOptions=null actionName=UNSPECIFIED actionLabel=null actionId=0 initialSelStart=-1 initialSelEnd=-1 initialCapsMode=0x0 hintText=null label=null packageName=vip.com.vipmeetings fieldId=0 fieldName=null extras=null}, false)
05-22 20:07:01.105 10142  1468  1468 I GoogleInputMethodService: GoogleInputMethodService.shouldHideHeaderOnInitialState():4008 ShouldHideHeaderOnInitialState = false
05-22 20:07:01.106 10142  1468  1468 I GoogleInputMethodService: GoogleInputMethodService.updateDeviceLockedStatus():2087 repeatCheckTimes = 2, unlocked = true
05-22 20:07:01.187  1041   408   540 D audioserver: FGS Logger Transaction failed
05-22 20:07:01.187  1041   408   540 D audioserver: -129
05-22 20:07:03.235 10163   810   810 D StatusBarIconController: ignoring old pipeline callback because the new wifi icon is enabled
05-22 20:07:04.072  1041   361  6500 D android.hardware.audio@7.1-impl.ranchu: threadLoop: entering standby, frames: 595136
05-22 20:07:05.452  wifi   795   795 I wpa_supplicant: wlan0: CTRL-EVENT-BEACON-LOSS 
05-22 20:07:05.567 10163   810   810 D StatusBarIconController: ignoring old pipeline callbacks, because the new mobile icons are enabled
05-22 20:07:06.358  1000   579  2044 W ProcessStats: Tracking association SourceState{6cda3e com.google.android.gms/10128 Service #7362} whose proc state 8 is better than process ProcessState{b3ba9b7 com.google.android.adservices.api/10178 pkg=com.google.android.adservices.api} proc state 14 (254 skipped)
05-22 20:07:11.881  1000   579   675 D ActivityManager: freezing 5248 com.google.android.permissioncontroller
05-22 20:07:13.641  wifi   795   795 I wpa_supplicant: wlan0: CTRL-EVENT-BEACON-LOSS 
05-22 20:07:15.567 10163   810   810 D StatusBarIconController: ignoring old pipeline callbacks, because the new mobile icons are enabled
05-22 20:07:16.377  1000   579   675 D ActivityManager: freezing 4250 com.google.android.gms
05-22 20:07:16.381  1000   579   675 D ActivityManager: freezing 1931 com.google.android.adservices.api
05-22 20:07:21.578  wifi   795   795 I wpa_supplicant: wlan0: CTRL-EVENT-BEACON-LOSS 
05-22 20:07:24.366  1000   579   675 D ActivityManager: freezing 1489 com.google.android.apps.wellbeing
05-22 20:07:25.568 10163   810   810 D StatusBarIconController: ignoring old pipeline callbacks, because the new mobile icons are enabled
05-22 20:07:25.729  1000   579   732 D ConnectivityService: releasing NetworkRequest [ REQUEST id=168, [ Transports: CELLULAR Capabilities: INTERNET&NOT_RESTRICTED&TRUSTED&NOT_VPN&NOT_VCN_MANAGED Uid: 10131 RequestorUid: 10131 RequestorPkg: com.google.android.googlequicksearchbox UnderlyingNetworks: Null] ] (release request)
05-22 20:07:25.733  1000   579   732 I ConnectivityService: Update capabilities for net 101 : -FOREGROUND
05-22 20:07:25.742  root   355   402 I netd    : networkSetPermissionForNetwork(101, 1) <8.34ms>
05-22 20:07:29.513  wifi   795   795 I wpa_supplicant: wlan0: CTRL-EVENT-BEACON-LOSS 
05-22 20:07:35.568 10163   810   810 D StatusBarIconController: ignoring old pipeline callbacks, because the new mobile icons are enabled
05-22 20:07:35.572 10163   810   902 D EGL_emulation: app_time_stats: avg=35528.35ms min=35528.35ms max=35528.35ms count=1
05-22 20:07:37.449  wifi   795   795 I wpa_supplicant: wlan0: CTRL-EVENT-BEACON-LOSS 
05-22 20:07:40.200 10194  7126  7204 D TransportRuntime.CctTransportBackend: Making request to: https://firebaselogging-pa.googleapis.com/v1/firelog/legacy/batchlog
05-22 20:07:40.206  root   355  7294 I resolv  : GetAddrInfoHandler::run: {102 102 102 983142 10194 0}
05-22 20:07:40.207 10128  1351  6998 I NetworkScheduler.Stats: Task com.google.android.gms/com.google.android.gms.tapandpay.gcmtask.TapAndPayGcmTaskService started execution. cause:4 exec_start_elapsed_seconds: 1416 [CONTEXT service_id=218 ]
05-22 20:07:40.208  root   355  7295 I resolv  : res_nmkquery: (QUERY, IN, AAAA)
05-22 20:07:40.208  root   355  7296 I resolv  : res_nmkquery: (QUERY, IN, A)
05-22 20:07:40.210 10128  1351  6998 V NFC     : this device does not have NFC support
05-22 20:07:40.213 10128  1351  6998 W TapAndPay: NfcAdapter is null while obtaining CardEmulation instance. [CONTEXT service_id=79 ]
05-22 20:07:40.213 10128  1351  6998 W TapAndPay: java.lang.NullPointerException: NfcAdapter is null
05-22 20:07:40.213 10128  1351  6998 W TapAndPay: 	at android.nfc.cardemulation.CardEmulation.getInstance(CardEmulation.java:152)
05-22 20:07:40.213 10128  1351  6998 W TapAndPay: 	at cdoy.<init>(:com.google.android.gms@231818047@23.18.18 (190800-535401451):0)
05-22 20:07:40.213 10128  1351  6998 W TapAndPay: 	at com.google.android.gms.tapandpay.hce.task.TapAndPayAidRegistrationTaskOperation.a(:com.google.android.gms@231818047@23.18.18 (190800-535401451):5)
05-22 20:07:40.213 10128  1351  6998 W TapAndPay: 	at com.google.android.gms.tapandpay.gcmtask.TapAndPayGcmTaskChimeraService.a(:com.google.android.gms@231818047@23.18.18 (190800-535401451):4)
05-22 20:07:40.213 10128  1351  6998 W TapAndPay: 	at avzs.call(:com.google.android.gms@231818047@23.18.18 (190800-535401451):4)
05-22 20:07:40.213 10128  1351  6998 W TapAndPay: 	at java.util.concurrent.FutureTask.run(FutureTask.java:264)
05-22 20:07:40.213 10128  1351  6998 W TapAndPay: 	at aced.c(:com.google.android.gms@231818047@23.18.18 (190800-535401451):6)
05-22 20:07:40.213 10128  1351  6998 W TapAndPay: 	at aced.run(:com.google.android.gms@231818047@23.18.18 (190800-535401451):7)
05-22 20:07:40.213 10128  1351  6998 W TapAndPay: 	at java.util.concurrent.ThreadPoolExecutor.runWorker(ThreadPoolExecutor.java:1145)
05-22 20:07:40.213 10128  1351  6998 W TapAndPay: 	at java.util.concurrent.ThreadPoolExecutor$Worker.run(ThreadPoolExecutor.java:644)
05-22 20:07:40.213 10128  1351  6998 W TapAndPay: 	at acjn.run(:com.google.android.gms@231818047@23.18.18 (190800-535401451):0)
05-22 20:07:40.213 10128  1351  6998 W TapAndPay: 	at java.lang.Thread.run(Thread.java:1012)
05-22 20:07:40.225 10128  1351  7262 I NetworkScheduler.Stats: Task com.google.android.gms/com.google.android.gms.tapandpay.gcmtask.TapAndPayGcmTaskService finished executing. cause:4 result: 3 elapsed_millis: 34 uptime_millis: 34 exec_start_elapsed_seconds: 1416 [CONTEXT service_id=218 ]
05-22 20:07:40.242  root   355  7295 I resolv  : res_nsend: used send_dg 163 terrno: 0
05-22 20:07:40.242  root   355  7295 I resolv  : doQuery: rcode=0, ancount=4, return value=163
05-22 20:07:40.243  root   355  7296 I resolv  : res_nsend: used send_dg 211 terrno: 0
05-22 20:07:40.244  root   355  7296 I resolv  : doQuery: rcode=0, ancount=10, return value=211
05-22 20:07:40.253 10194  7126  7204 D TrafficStats: tagSocket(6) with statsTag=0xffffffff, statsUid=-1
05-22 20:07:40.322  1000   579  1751 D ActivityManager: sync unfroze 4250 com.google.android.gms for 6
05-22 20:07:40.324  1000   579  1751 D ActivityManager: sync unfroze 1931 com.google.android.adservices.api for 6
05-22 20:07:40.325  1000   579  1751 W ProcessStats: Tracking association SourceState{6cda3e com.google.android.gms/10128 ImpBg #7376} whose proc state 6 is better than process ProcessState{b3ba9b7 com.google.android.adservices.api/10178 pkg=com.google.android.adservices.api} proc state 14 (0 skipped)
05-22 20:07:40.353 10128  1351  6998 I NetworkScheduler.Stats: Task com.google.android.gms/com.google.android.gms.checkin.EventLogService started execution. cause:5 exec_start_elapsed_seconds: 1416 [CONTEXT service_id=218 ]
05-22 20:07:40.365 10128  4250  4340 I Checkin : [EventLogChimeraService] Opted in for usage reporting: false
05-22 20:07:40.366 10128  4250  4340 I Checkin : [EventLogChimeraService] Aggregate from 1747925157169 (log), 1747925073379 (data)
--------- beginning of kernel
05-22 20:07:40.357  root     0     0 I logd    : logdr: UID=10128 GID=10128 PID=4250 n tail=0 logMask=4 pid=0 start=0ns deadline=0ns
05-22 20:07:40.459  1000   579  1751 I DropBoxManagerService: add tag=event_data isTagEnabled=true flags=0x2
05-22 20:07:40.464  1000   579  1751 D ActivityManager: sync unfroze 1591 com.google.process.gservices for 7
05-22 20:07:40.483 10128  1351  7262 I NetworkScheduler.Stats: Task com.google.android.gms/com.google.android.gms.checkin.EventLogService finished executing. cause:5 result: 1 elapsed_millis: 221 uptime_millis: 221 exec_start_elapsed_seconds: 1416 [CONTEXT service_id=218 ]
05-22 20:07:42.335 10163   810   810 D StatusBarIconController: ignoring old pipeline callback because the new wifi icon is enabled
05-22 20:07:42.726 10194  7126  7204 I TransportRuntime.CctTransportBackend: Status Code: 200
05-22 20:07:42.727 10194  7126  7204 I TransportRuntime.CctTransportBackend: Content-Type: application/json; charset=UTF-8
05-22 20:07:42.727 10194  7126  7204 I TransportRuntime.CctTransportBackend: Content-Encoding: gzip
05-22 20:07:42.750 10194  7126  7126 D LeakCanary: Watching instance of com.google.android.datatransport.runtime.scheduling.jobscheduling.JobInfoSchedulerService (com.google.android.datatransport.runtime.scheduling.jobscheduling.JobInfoSchedulerService received Service#onDestroy() callback) with key 5c1704c1-a113-401a-91bc-6b7b773b198b
05-22 20:07:45.570 10163   810   810 D StatusBarIconController: ignoring old pipeline callbacks, because the new mobile icons are enabled
05-22 20:07:45.642  wifi   795   795 I wpa_supplicant: wlan0: CTRL-EVENT-BEACON-LOSS 
05-22 20:07:51.369 10163   810   810 D StatusBarIconController: ignoring old pipeline callback because the new wifi icon is enabled
05-22 20:07:53.578  wifi   795   795 I wpa_supplicant: wlan0: CTRL-EVENT-BEACON-LOSS 
05-22 20:07:55.569 10163   810   810 D StatusBarIconController: ignoring old pipeline callbacks, because the new mobile icons are enabled
05-22 20:07:58.060  1000   579   675 D ActivityManager: freezing 4250 com.google.android.gms
05-22 20:07:58.063  1000   579   675 D ActivityManager: freezing 1931 com.google.android.adservices.api
05-22 20:08:00.041 10163   810   902 D EGL_emulation: app_time_stats: avg=24469.42ms min=24469.42ms max=24469.42ms count=1
05-22 20:08:00.042 10126  1542  1759 I AiAiEcho: Predicting[0]: 
05-22 20:08:00.043 10126  1542  1759 I AiAiEcho: EchoTargets: 
05-22 20:08:00.043 10126  1542  1759 I AiAiEcho: Filtered by AiAi flag check: 
05-22 20:08:00.043 10126  1542  1759 I AiAiEcho: Ranked targets strategy: SORT, count: 0, ranking metadata: 
05-22 20:08:00.045 10126  1542  1759 I AiAiEcho: #postPredictionTargets: Sending updates to UISurface lockscreen with targets# 0 (types=[])
05-22 20:08:00.053 10163   810   810 W PageIndicator: Total number of pages invalid: 0. Assuming 1 page.
05-22 20:08:01.513  wifi   795   795 I wpa_supplicant: wlan0: CTRL-EVENT-BEACON-LOSS 
05-22 20:08:05.571 10163   810   810 D StatusBarIconController: ignoring old pipeline callbacks, because the new mobile icons are enabled
05-22 20:08:09.448  wifi   795   795 I wpa_supplicant: wlan0: CTRL-EVENT-BEACON-LOSS 
05-22 20:08:15.575 10163   810   810 D StatusBarIconController: ignoring old pipeline callbacks, because the new mobile icons are enabled
05-22 20:08:15.588 10163   810   902 D EGL_emulation: app_time_stats: avg=15546.44ms min=15546.44ms max=15546.44ms count=1
05-22 20:08:17.641  wifi   795   795 I wpa_supplicant: wlan0: CTRL-EVENT-BEACON-LOSS 
05-22 20:08:17.703  1000   579   723 E WifiStaIfaceAidlImpl: installApfPacketFilter failed with service-specific exception: android.os.ServiceSpecificException:  (code 4)
05-22 20:08:18.438 10163   810   810 D StatusBarIconController: ignoring old pipeline callback because the new wifi icon is enabled
05-22 20:08:21.438 10163   810   810 D StatusBarIconController: ignoring old pipeline callback because the new wifi icon is enabled
05-22 20:08:25.573 10163   810   810 D StatusBarIconController: ignoring old pipeline callbacks, because the new mobile icons are enabled
05-22 20:08:25.576  wifi   795   795 I wpa_supplicant: wlan0: CTRL-EVENT-BEACON-LOSS 
05-22 20:08:33.512  wifi   795   795 I wpa_supplicant: wlan0: CTRL-EVENT-BEACON-LOSS 
05-22 20:08:35.587 10163   810   810 D StatusBarIconController: ignoring old pipeline callbacks, because the new mobile icons are enabled
05-22 20:08:41.449  wifi   795   795 I wpa_supplicant: wlan0: CTRL-EVENT-BEACON-LOSS 
05-22 20:08:45.586 10163   810   810 D StatusBarIconController: ignoring old pipeline callbacks, because the new mobile icons are enabled
05-22 20:08:49.641  wifi   795   795 I wpa_supplicant: wlan0: CTRL-EVENT-BEACON-LOSS 
05-22 20:08:54.554 10163   810   810 D StatusBarIconController: ignoring old pipeline callback because the new wifi icon is enabled
05-22 20:08:55.586 10163   810   810 D StatusBarIconController: ignoring old pipeline callbacks, because the new mobile icons are enabled
05-22 20:08:57.078 10128  1351  7262 I AlarmManager: setExactAndAllowWhileIdle [name: GCM_HB_ALARM type: 2 triggerAtMillis: 1553487]
05-22 20:08:57.081 10128  1351  7262 E WakeLock: GCM_HB_ALARM release without a matched acquire!
05-22 20:08:57.260 10128  1351  7303 I AlarmManager: setExactAndAllowWhileIdle [name: GCM_HB_ALARM type: 2 triggerAtMillis: 1663669]
05-22 20:08:57.555 10163   810   810 D StatusBarIconController: ignoring old pipeline callback because the new wifi icon is enabled
05-22 20:08:57.577  wifi   795   795 I wpa_supplicant: wlan0: CTRL-EVENT-BEACON-LOSS 
05-22 20:09:00.044 10126  1542  1759 I AiAiEcho: Predicting[0]: 
05-22 20:09:00.045 10126  1542  1759 I AiAiEcho: EchoTargets: 
05-22 20:09:00.045 10126  1542  1759 I AiAiEcho: Filtered by AiAi flag check: 
05-22 20:09:00.045 10126  1542  1759 I AiAiEcho: Ranked targets strategy: SORT, count: 0, ranking metadata: 
05-22 20:09:00.046 10163   810   902 D EGL_emulation: app_time_stats: avg=44457.13ms min=44457.13ms max=44457.13ms count=1
05-22 20:09:00.047 10126  1542  1759 I AiAiEcho: #postPredictionTargets: Sending updates to UISurface lockscreen with targets# 0 (types=[])
05-22 20:09:00.056 10163   810   810 W PageIndicator: Total number of pages invalid: 0. Assuming 1 page.
05-22 20:09:00.570 10163   810   810 D StatusBarIconController: ignoring old pipeline callback because the new wifi icon is enabled
05-22 20:09:05.512  wifi   795   795 I wpa_supplicant: wlan0: CTRL-EVENT-BEACON-LOSS 
05-22 20:09:05.586 10163   810   810 D StatusBarIconController: ignoring old pipeline callbacks, because the new mobile icons are enabled
05-22 20:09:13.449  wifi   795   795 I wpa_supplicant: wlan0: CTRL-EVENT-BEACON-LOSS 
05-22 20:09:15.587 10163   810   810 D StatusBarIconController: ignoring old pipeline callbacks, because the new mobile icons are enabled
05-22 20:09:21.430  1000   579  1751 D WifiNl80211Manager: Scan result ready event
--
05-22 20:09:45.967 10142  1468  1468 W AutoPasteSuggestionHelper: 2025-05-22 20:06:58.769   579-7278  ActivityManager         pid-579                              E  ANR in vip.com.vipmeetings
05-22 20:09:45.967 10142  1468  1468 W AutoPasteSuggestionHelper:                                                                                                     PID: 7126
05-22 20:09:45.967 10142  1468  1468 W AutoPasteSuggestionHelper:                                                                                                     Reason: No response to onStartJob
05-22 20:09:45.967 10142  1468  1468 W AutoPasteSuggestionHelper:                                                                                                     ErrorId: 57f6251e-2616-4b69-907f-1c058b0b85fd
05-22 20:09:45.967 10142  1468  1468 W AutoPasteSuggestionHelper:                                                                                                     Frozen: false
05-22 20:09:45.967 10142  1468  1468 W AutoPasteSuggestionHelper:                                                                                                     Load: 2.15 / 1.43 / 2.65
05-22 20:09:45.967 10142  1468  1468 W AutoPasteSuggestionHelper:                                                                                                     ----- Output from /proc/pressure/memory -----
05-22 20:09:45.967 10142  1468  1468 W AutoPasteSuggestionHelper:                                                                                                     some avg10=0.85 avg60=0.31 avg300=0.25 total=29296949
05-22 20:09:45.967 10142  1468  1468 W AutoPasteSuggestionHelper:                                                                                                     full avg10=0.40 avg60=0.14 avg300=0.05 total=6890833
05-22 20:09:45.967 10142  1468  1468 W AutoPasteSuggestionHelper:                                                                                                     ----- End output from /proc/pressure/memory -----
05-22 20:09:45.967 10142  1468  1468 W AutoPasteSuggestionHelper:                                                                                                     ----- Output from /proc/pressure/cpu -----
05-22 20:09:45.967 10142  1468  1468 W AutoPasteSuggestionHelper:                                                                                                     some avg10=17.52 avg60=6.36 avg300=3.82 total=226323711
05-22 20:09:45.967 10142  1468  1468 W AutoPasteSuggestionHelper:                                                                                                     full avg10=0.00 avg60=0.00 avg300=0.00 total=0
05-22 20:09:45.967 10142  1468  1468 W AutoPasteSuggestionHelper:                                                                                                     ----- End output from /proc/pressure/cpu -----
05-22 20:09:45.967 10142  1468  1468 W AutoPasteSuggestionHelper:                                                                                                     ----- Output from /proc/pressure/io -----
05-22 20:09:45.967 10142  1468  1468 W AutoPasteSuggestionHelper:                                                                                                     some avg10=0.94 avg60=0.31 avg300=0.19 total=20228792
05-22 20:09:45.967 10142  1468  1468 W AutoPasteSuggestionHelper:                                                                                                     full avg10=0.19 avg60=0.05 avg300=0.01 total=3797072
05-22 20:09:45.967 10142  1468  1468 W AutoPasteSuggestionHelper:                                                                                                     ----- End output from /proc/pressure/io -----
05-22 20:09:45.967 10142  1468  1468 W AutoPasteSuggestionHelper:                                                                                                     
05-22 20:09:45.967 10142  1468  1468 W AutoPasteSuggestionHelper:                                                                                                     CPU usage from 127459ms to -3ms ago (2025-05-22 20:04:48.111 to 2025-05-22 20:06:55.573):
05-22 20:09:45.967 10142  1468  1468 W AutoPasteSuggestionHelper:                                                                                                       41% 810/com.android.systemui: 24% user + 17% kernel / faults: 586182 minor 93 major
05-22 20:09:45.967 10142  1468  1468 W AutoPasteSuggestionHelper:                                                                                                       11% 374/android.hardware.sensors-service.multihal: 5.8% user + 5.7% kernel
05-22 20:09:45.967 10142  1468  1468 W AutoPasteSuggestionHelper:                                                                                                       5.8% 417/surfaceflinger: 2.7% user + 3.1% kernel / faults: 126 minor 77 major
05-22 20:09:45.967 10142  1468  1468 W AutoPasteSuggestionHelper:                                                                                                       5.2% 579/system_server: 2.7% user + 2.4% kernel / faults: 15130 minor 178 major
05-22 20:09:45.967 10142  1468  1468 W AutoPasteSuggestionHelper:                                                                                                       1.7% 385/android.hardware.graphics.composer3-service.ranchu: 0.8% user + 0.8% kernel / faults: 78 major
05-22 20:09:45.967 10142  1468  1468 W AutoPasteSuggestionHelper:                                                                                                       1% 6995/kworker/2:0-virtio_vsock: 0% user + 1% kernel
05-22 20:09:45.967 10142  1468  1468 W AutoPasteSuggestionHelper:                                                                                                       0.7% 6616/adbd: 0.2% user + 0.4% kernel / faults: 12916 minor
05-22 20:09:45.967 10142  1468  1468 W AutoPasteSuggestionHelper:                                                                                                       0.6% 4250/com.google.android.gms: 0.3% user + 0.3% kernel / faults: 3053 minor 3782 major
05-22 20:09:45.967 10142  1468  1468 W AutoPasteSuggestionHelper:                                                                                                       0.6% 1489/com.google.android.apps.wellbeing: 0.2% user + 0.3% kernel / faults: 5162 minor 3552 major
05-22 20:09:45.967 10142  1468  1468 W AutoPasteSuggestionHelper:                                                                                                       0% 5248/com.google.android.permissioncontroller: 0% user + 0% kernel / faults: 1525 minor 724 major
05-22 20:09:45.967 10142  1468  1468 W AutoPasteSuggestionHelper:                                                                                                     17% TOTAL: 8.5% user + 6.8% kernel + 0% iowait + 1.8% irq + 0% softirq
05-22 20:09:45.967 10142  1468  1468 W AutoPasteSuggestionHelper:                                                                                                     CPU usage from 72ms to 812ms later (2025-05-22 20:06:55.642 to 2025-05-22 20:06:56.382):
05-22 20:09:45.968 10142  1468  1468 W AutoPasteSuggestionHelper:                                                                                                       62% 579/system_server: 33% user + 29% kernel / faults: 376 minor 11 major
05-22 20:09:45.968 10142  1468  1468 W AutoPasteSuggestionHelper:                                                                                                         60% 7279/AnrAuxiliaryTas: 31% user + 29% kernel
05-22 20:09:45.968 10142  1468  1468 W AutoPasteSuggestionHelper:                                                                                                         3.4% 579/system_server: 1.7% user + 1.7% kernel
05-22 20:09:45.968 10142  1468  1468 W AutoPasteSuggestionHelper:                                                                                                       52% 810/com.android.systemui: 29% user + 22% kernel / faults: 2663 minor
05-22 20:09:45.968 10142  1468  1468 W AutoPasteSuggestionHelper:                                                                                                         40% 810/ndroid.systemui: 26% user + 14% kernel
05-22 20:09:45.968 10142  1468  1468 W AutoPasteSuggestionHelper:                                                                                                         5.2% 825/HeapTaskDaemon: 3.5% user + 1.7% kernel
05-22 20:09:45.968 10142  1468  1468 W AutoPasteSuggestionHelper:                                                                                                         3.5% 824/Jit thread pool: 1.7% user + 1.7% kernel
05-22 20:09:45.968 10142  1468  1468 W AutoPasteSuggestionHelper:                                                                                                         3.5% 900/SysUiBg: 0% user + 3.5% kernel
05-22 20:09:45.968 10142  1468  1468 W AutoPasteSuggestionHelper:                                                                                                       89% 7126/vip.com.vipmeetings: 43% user + 46% kernel / faults: 26282 minor 12 major
05-22 20:09:45.968 10142  1468  1468 W AutoPasteSuggestionHelper:                                                                                                         89% 7150/Signal Catcher: 43% user + 46% kernel
05-22 20:09:45.968 10142  1468  1468 W AutoPasteSuggestionHelper:                                                                                                       14% 374/android.hardware.sensors-service.multihal: 8.3% user + 6.6% kernel
05-22 20:09:45.968 10142  1468  1468 W AutoPasteSuggestionHelper:                                                                                                         13% 411/android.hardwar: 6.6% user + 6.6% kernel
05-22 20:09:45.968 10142  1468  1468 W AutoPasteSuggestionHelper:                                                                                                       5% 417/surfaceflinger: 3.3% user + 1.6% kernel
05-22 20:09:45.968 10142  1468  1468 W AutoPasteSuggestionHelper:                                                                                                         3.3% 524/TimerDispatch: 3.3% user + 0% kernel
05-22 20:09:45.968 10142  1468  1468 W AutoPasteSuggestionHelper:                                                                                                         1.6% 526/app: 0% user + 1.6% kernel
05-22 20:09:45.968 10142  1468  1468 W AutoPasteSuggestionHelper:                                                                                                       3.3% 408/audioserver: 1.6% user + 1.6% kernel
05-22 20:09:45.968 10142  1468  1468 W AutoPasteSuggestionHelper:                                                                                                         3.3% 540/AudioOut_D: 1.6% user + 1.6% kernel
05-22 20:09:45.968 10142  1468  1468 W AutoPasteSuggestionHelper:                                                                                                       1.3% 14/rcu_preempt: 0% user + 1.3% kernel
05-22 20:09:45.968 10142  1468  1468 W AutoPasteSuggestionHelper:                                                                                                       1.6% 361/android.hardware.audio.service: 0% user + 1.6% kernel
05-22 20:09:45.968 10142  1468  1468 W AutoPasteSuggestionHelper:                                                                                                         3.2% 6500/HwBinder:361_2: 1.6% user + 1.6% kernel
05-22 20:09:45.968 10142  1468  1468 W AutoPasteSuggestionHelper:                                                                                                       3.5% 7074/kworker/2:2-virtio_vsock: 0% user + 3.5% kernel
05-22 20:09:45.968 10142  1468  1468 W AutoPasteSuggestionHelper:                                                                                                     63% TOTAL: 26% user + 26% kernel + 4.8% iowait + 4.8% irq + 0.3% softirq
05-22 20:09:45.968 10142  1468  1468 W AutoPasteSuggestionHelper: 2025-05-22 20:06:58.778   579-7278  ActivityManager         pid-579                              D  Completed ANR of vip.com.vipmeetings in 3208ms, latency 1ms
05-22 20:09:45.968 10142  1468  1468 W AutoPasteSuggestionHelper: 2025-05-22 20:06:58.800   579-7285  DropBoxManagerService   pid-579                              I  add tag=data_app_anr isTagEnabled=true flags=0x6
05-22 20:09:45.969 10142  1468  1468 W AutoPasteSuggestionHelper: 2025-05-22 20:06:58.819   579-606   CoreBackPreview         pid-579                              D  Window{a09ac75 u0 Application Not Responding: vip.com.vipmeetings}: Setting back callback OnBackInvokedCallbackInfo{mCallback=android.window.WindowOnBackInvokedDispatcher$OnBackInvokedCallbackWrapper@8354a62, mPriority=0, mIsAnimationCallback=false}
05-22 20:09:45.969 10142  1468  1468 W AutoPasteSuggestionHelper: 2025-05-22 20:06:58.831   579-4827  OpenGLRenderer          pid-579                              E  Unable to match the desired swap behavior.
05-22 20:09:45.969 10142  1468  1468 W AutoPasteSuggestionHelper: 2025-05-22 20:06:59.281  1351-1351  SystemServiceRegistry   pid-1351                             W  No service published for: persistent_data_block
05-22 20:09:45.969 10142  1468  1468 W AutoPasteSuggestionHelper: 2025-05-22 20:06:59.884  4250-4250  BoundBrokerSvc          pid-4250                             D  onUnbind: Intent { act=com.google.android.gms.measurement.START pkg=com.google.android.gms }
05-22 20:09:45.969 10142  1468  1468 W AutoPasteSuggestionHelper: 2025-05-22 20:06:59.890  6725-6783  BtGatt.ScanManager      pid-6725                             D  uid 10128 isForeground true scanMode -1
05-22 20:09:45.969 10142  1468  1468 W AutoPasteSuggestionHelper: 2025-05-22 20:07:00.041  1542-1759  AiAiEcho                pid-1542                             I  Predicting[0]: 
05-22 20:09:45.969 10142  1468  1468 W AutoPasteSuggestionHelper: 2025-05-22 20:07:00.042  1542-1759  AiAiEcho                pid-1542                             I  EchoTargets: 
05-22 20:09:45.969 10142  1468  1468 W AutoPasteSuggestionHelper:                                                                                                     Filtered by AiAi flag check: 
05-22 20:09:45.969 10142  1468  1468 W AutoPasteSuggestionHelper: 2025-05-22 20:07:00.043  1542-1759  AiAiEcho                pid-1542                             I  Ranked targets strategy: SORT, count: 0, ranking metadata: 
05-22 20:09:45.969 10142  1468  1468 W AutoPasteSuggestionHelper: 2025-05-22 20:07:00.043   810-902   EGL_emulation           pid-810                              D  app_time_stats: avg=4460.85ms min=4460.85ms max=4460.85ms count=1
05-22 20:09:45.969 10142  1468  1468 W AutoPasteSuggestionHelper: 2025-05-22 20:07:00.046  1542-1759  AiAiEcho                pid-1542                             I  #postPredictionTargets: Sending updates to UISurface lockscreen with targets# 0 (types=[])
05-22 20:09:45.969 10142  1468  1468 W AutoPasteSuggestionHelper: 2025-05-22 20:07:00.060   810-810   PageIndicator           pid-810                              W  Total number of pages invalid: 0. Assuming 1 page.
05-22 20:09:45.969 10142  1468  1468 W AutoPasteSuggestionHelper: 2025-05-22 20:07:00.793  1064-1064  TaplEvents              pid-1064                             D  TIS / TouchInteractionService.onInputEvent: MotionEvent { action=ACTION_DOWN, actionButton=0, id[0]=0, x[0]=322.96484, y[0]=1373.9502, toolType[0]=TOOL_TYPE_FINGER, buttonState=0, classification=NONE, metaState=0, flags=0x0, edgeFlags=0x0, pointerCount=1, historySize=0, eventTime=1377200, downTime=1377200, deviceId=4, source=0x5002, displayId=0, eventId=270268846 }
05-22 20:09:45.969 10142  1468  1468 W AutoPasteSuggestionHelper: 2025-05-22 20:07:00.794   579-606   AutofillManager         pid-579                              D  Fill dialog is enabled:false, hints=[password, passwordAuto, creditCardNumber, creditCardSecurityCode, creditCardExpirationDate]
05-22 20:09:45.969 10142  1468  1468 W AutoPasteSuggestionHelper: 2025-05-22 20:07:00.902  1064-1064  TaplEvents              pid-1064                             D  TIS / TouchInteractionService.onInputEvent: MotionEvent { action=ACTION_UP, actionButton=0, id[0]=0, x[0]=322.96484, y[0]=1373.9502, toolType[0]=TOOL_TYPE_FINGER, buttonState=0, classification=NONE, metaState=0, flags=0x0, edgeFlags=0x0, pointerCount=1, historySize=0, eventTime=1377272, downTime=1377200, deviceId=4, source=0x5002, displayId=0, eventId=374273421 }
05-22 20:09:45.969 10142  1468  1468 W AutoPasteSuggestionHelper: 2025-05-22 20:07:00.923   579-4827  EGL_emulation           pid-579                              D  app_time_stats: avg=156.77ms min=2.65ms max=1833.76ms count=12
05-22 20:09:45.969 10142  1468  1468 W AutoPasteSuggestionHelper: 2025-05-22 20:07:00.945   408-433   audioserver             pid-408                              D  FGS Logger Transaction failed
05-22 20:09:45.969 10142  1468  1468 W AutoPasteSuggestionHelper: 2025-05-22 20:07:00.945   408-433   audioserver             pid-408                              D  -129
05-22 20:09:45.969 10142  1468  1468 W AutoPasteSuggestionHelper: 2025-05-22 20:07:01.021   579-606   WindowOnBackDispatcher  pid-579                              W  sendCancelIfRunning: isInProgress=falsecallback=android.view.ViewRootImpl$$ExternalSyntheticLambda17@197f52d
05-22 20:09:45.969 10142  1468  1468 W AutoPasteSuggestionHelper: 2025-05-22 20:07:01.022   579-606   CoreBackPreview         pid-579                              D  Window{a09ac75 u0 Application Not Responding: vip.com.vipmeetings}: Setting back callback null
05-22 20:09:45.969 10142  1468  1468 W AutoPasteSuggestionHelper: 2025-05-22 20:07:01.026   408-540   AudioFlinger            pid-408                              D  mixer(0x77381f823930) throttle end: throttle time(36)
05-22 20:09:45.969 10142  1468  1468 W AutoPasteSuggestionHelper: 2025-05-22 20:07:01.038   579-4827  OpenGLRenderer          pid-579                              D  endAllActiveAnimators on 0x7b1ff5af5410 (RippleDrawable) with handle 0x7b21b5c626e0
05-22 20:09:45.969 10142  1468  1468 W AutoPasteSuggestionHelper: 2025-05-22 20:07:01.042   579-606   InputManager-JNI        pid-579                              W  Input channel object 'a09ac75 Application Not Responding: vip.com.vipmeetings (client)' was disposed without first being removed with the input manager!
05-22 20:09:45.969 10142  1468  1468 W AutoPasteSuggestionHelper: 2025-05-22 20:07:01.057   579-608   WindowManager           pid-579                              V  Unknown focus tokens, dropping reportFocusChanged
05-22 20:09:45.969 10142  1468  1468 W AutoPasteSuggestionHelper: 2025-05-22 20:07:01.091   579-2161  ImeTracker              pid-579                              I  vip.com.vipmeetings:fb2f8ea5: onRequestHide at ORIGIN_SERVER_HIDE_INPUT reason HIDE_SAME_WINDOW_FOCUSED_WITHOUT_EDITOR
05-22 20:09:45.969 10142  1468  1468 W AutoPasteSuggestionHelper: 2025-05-22 20:07:01.092   579-2161  ImeTracker              pid-579                              I  vip.com.vipmeetings:fb2f8ea5: onCancelled at PHASE_SERVER_SHOULD_HIDE
05-22 20:09:45.969 10142  1468  1468 W AutoPasteSuggestionHelper: 2025-05-22 20:07:01.094  1468-1468  GoogleInpu...hodService pid-1468                             I  GoogleInputMethodService.onFinishInput():3227 
05-22 20:09:45.969 10142  1468  1468 W AutoPasteSuggestionHelper: 2025-05-22 20:07:01.097  1468-1468  GoogleInpu...hodService pid-1468                             I  GoogleInputMethodService.updateDeviceLockedStatus():2087 repeatCheckTimes = 0, unlocked = true
05-22 20:09:45.969 10142  1468  1468 W AutoPasteSuggestionHelper: 2025-05-22 20:07:01.104  1468-1468  GoogleInpu...hodService pid-1468                             I  GoogleInputMethodService.onStartInput():1877 onStartInput(EditorInfo{inputType=0x0(NULL) imeOptions=0x0 privateImeOptions=null actionName=UNSPECIFIED actionLabel=null actionId=0 initialSelStart=-1 initialSelEnd=-1 initialCapsMode=0x0 hintText=null label=null packageName=vip.com.vipmeetings fieldId=0 fieldName=null extras=null}, false)
05-22 20:09:45.969 10142  1468  1468 W AutoPasteSuggestionHelper: 2025-05-22 20:07:01.105  1468-1468  GoogleInpu...hodService pid-1468                             I  GoogleInputMethodService.shouldHideHeaderOnInitialState():4008 ShouldHideHeaderOnInitialState = false
05-22 20:09:45.969 10142  1468  1468 W AutoPasteSuggestionHelper: 2025-05-22 20:07:01.106  1468-1468  GoogleInpu...hodService pid-1468                             I  GoogleInputMethodService.updateDeviceLockedStatus():2087 repeatCheckTimes = 2, unlocked = true
05-22 20:09:45.969 10142  1468  1468 W AutoPasteSuggestionHelper: 2025-05-22 20:07:01.187   408-540   audioserver             pid-408                              D  FGS Logger Transaction failed
05-22 20:09:45.969 10142  1468  1468 W AutoPasteSuggestionHelper: 2025-05-22 20:07:01.187   408-540   audioserver             pid-408                              D  -129
05-22 20:09:45.969 10142  1468  1468 W AutoPasteSuggestionHelper: 2025-05-22 20:07:03.235   810-810   StatusBarIconController pid-810                              D  ignoring old pipeline callback because the new wifi icon is enabled
05-22 20:09:45.969 10142  1468  1468 W AutoPasteSuggestionHelper: 2025-05-22 20:07:04.072   361-6500  android.ha...mpl.ranchu pid-361                              D  threadLoop: entering standby, frames: 595136
05-22 20:09:45.969 10142  1468  1468 W AutoPasteSuggestionHelper: 2025-05-22 20:07:05.452   795-795   wpa_supplicant          pid-795                              I  wlan0: CTRL-EVENT-BEACON-LOSS 
05-22 20:09:45.969 10142  1468  1468 W AutoPasteSuggestionHelper: 2025-05-22 20:07:05.567   810-810   StatusBarIconController pid-810                              D  ignoring old pipeline callbacks, because the new mobile icons are enabled
05-22 20:09:45.969 10142  1468  1468 W AutoPasteSuggestionHelper: 2025-05-22 20:07:06.358   579-2044  ProcessStats            pid-579                              W  Tracking association SourceState{6cda3e com.google.android.gms/10128 Service #7362} whose proc state 8 is better than process ProcessState{b3ba9b7 com.google.android.adservices.api/10178 pkg=com.google.android.adservices.api} proc state 14 (254 skipped)
05-22 20:09:45.969 10142  1468  1468 W AutoPasteSuggestionHelper: 2025-05-22 20:07:11.881   579-675   ActivityManager         pid-579                              D  freezing 5248 com.google.android.permissioncontroller
05-22 20:09:45.969 10142  1468  1468 W AutoPasteSuggestionHelper: 2025-05-22 20:07:13.641   795-795   wpa_supplicant          pid-795                              I  wlan0: CTRL-EVENT-BEACON-LOSS 
05-22 20:09:45.969 10142  1468  1468 W AutoPasteSuggestionHelper: 2025-05-22 20:07:15.567   810-810   StatusBarIconController pid-810                              D  ignoring old pipeline callbacks, because the new mobile icons are enabled
05-22 20:09:45.970 10142  1468  1468 W AutoPasteSuggestionHelper: 2025-05-22 20:07:16.377   579-675   ActivityManager         pid-579                              D  freezing 4250 com.google.android.gms
05-22 20:09:45.970 10142  1468  1468 W AutoPasteSuggestionHelper: 2025-05-22 20:07:16.381   579-675   ActivityManager         pid-579                              D  freezing 1931 com.google.android.adservices.api
05-22 20:09:45.970 10142  1468  1468 W AutoPasteSuggestionHelper: 2025-05-22 20:07:21.578   795-795   wpa_supplicant          pid-795                              I  wlan0: CTRL-EVENT-BEACON-LOSS 
05-22 20:09:45.970 10142  1468  1468 W AutoPasteSuggestionHelper: 2025-05-22 20:07:24.366   579-675   ActivityManager         pid-579                              D  freezing 1489 com.google.android.apps.wellbeing
05-22 20:09:45.970 10142  1468  1468 W AutoPasteSuggestionHelper: 2025-05-22 20:07:25.568   810-810   StatusBarIconController pid-810                              D  ignoring old pipeline callbacks, because the new mobile icons are enabled
05-22 20:09:45.970 10142  1468  1468 W AutoPasteSuggestionHelper: 2025-05-22 20:07:25.729   579-732   ConnectivityService     pid-579                              D  releasing NetworkRequest [ REQUEST id=168, [ Transports: CELLULAR Capabilities: INTERNET&NOT_RESTRICTED&TRUSTED&NOT_VPN&NOT_VCN_MANAGED Uid: 10131 RequestorUid: 10131 RequestorPkg: com.google.android.googlequicksearchbox UnderlyingNetworks: Null] ] (release request)
