05-22 22:52:19.642  wifi   795   795 I wpa_supplicant: wlan0: CTRL-EVENT-BEACON-LOSS 
05-22 22:52:24.955 10163   810   810 D StatusBarIconController: ignoring old pipeline callbacks, because the new mobile icons are enabled
05-22 22:52:26.807 10194  8696  8730 D TransportRuntime.CctTransportBackend: Making request to: https://firebaselogging-pa.googleapis.com/v1/firelog/legacy/batchlog
05-22 22:52:26.813  root   355  8815 I resolv  : GetAddrInfoHandler::run: {103 103 103 983143 10194 0}
05-22 22:52:26.815  root   355  8816 I resolv  : res_nmkquery: (QUERY, IN, AAAA)
05-22 22:52:26.816  root   355  8817 I resolv  : res_nmkquery: (QUERY, IN, A)
05-22 22:52:26.847  root   355  8816 I resolv  : res_nsend: used send_dg 163 terrno: 0
05-22 22:52:26.848  root   355  8817 I resolv  : res_nsend: used send_dg 195 terrno: 0
05-22 22:52:26.849  root   355  8817 I resolv  : doQuery: rcode=0, ancount=9, return value=195
05-22 22:52:26.849  root   355  8816 I resolv  : doQuery: rcode=0, ancount=4, return value=163
05-22 22:52:26.857 10194  8696  8730 D TrafficStats: tagSocket(6) with statsTag=0xffffffff, statsUid=-1
05-22 22:52:27.835  wifi   795   795 I wpa_supplicant: wlan0: CTRL-EVENT-BEACON-LOSS 
05-22 22:52:29.319 10194  8696  8730 I TransportRuntime.CctTransportBackend: Status Code: 200
05-22 22:52:29.320 10194  8696  8730 I TransportRuntime.CctTransportBackend: Content-Type: application/json; charset=UTF-8
05-22 22:52:29.320 10194  8696  8730 I TransportRuntime.CctTransportBackend: Content-Encoding: gzip
05-22 22:52:29.345 10194  8696  8696 D LeakCanary: Watching instance of com.google.android.datatransport.runtime.scheduling.jobscheduling.JobInfoSchedulerService (com.google.android.datatransport.runtime.scheduling.jobscheduling.JobInfoSchedulerService received Service#onDestroy() callback) with key 0fbdb63b-bfe5-4e55-bb32-6f4bbeacb847
05-22 22:52:29.392 10163   810   810 D StatusBarIconController: ignoring old pipeline callback because the new wifi icon is enabled
05-22 22:52:34.956 10163   810   810 D StatusBarIconController: ignoring old pipeline callbacks, because the new mobile icons are enabled
05-22 22:52:35.409 10163   810   810 D StatusBarIconController: ignoring old pipeline callback because the new wifi icon is enabled
05-22 22:52:35.771  wifi   795   795 I wpa_supplicant: wlan0: CTRL-EVENT-BEACON-LOSS 
05-22 22:52:43.707  wifi   795   795 I wpa_supplicant: wlan0: CTRL-EVENT-BEACON-LOSS 
05-22 22:52:44.420 10163   810   810 D StatusBarIconController: ignoring old pipeline callback because the new wifi icon is enabled
05-22 22:52:44.953 10163   810   810 D StatusBarIconController: ignoring old pipeline callbacks, because the new mobile icons are enabled
05-22 22:52:46.210  1002  6725  6767 I bluetooth: packages/modules/Bluetooth/system/gd/hci/le_address_manager.cc:265 ack_pause: Client already in paused state
05-22 22:52:46.230  1002  6725  6762 E bt_btu_hcif: packages/modules/Bluetooth/system/stack/btu/btu_hcif.cc:182 btu_hcif_log_event_metrics: Unexpectedly received event_code:0x10 that should not be handled here
05-22 22:52:46.230  1002  6725  6762 E bt_btu_hcif: packages/modules/Bluetooth/system/stack/btu/btu_hcif.cc:1375 btu_hcif_hardware_error_evt: UNHANDLED Ctlr H/w error event - code:0x42
05-22 22:52:46.233  1002  6725  6762 E bt_btif : packages/modules/Bluetooth/system/main/bte_logmsg.cc:105 LogMsg: Received H/W Error. 
05-22 22:52:46.346  1000   579  2150 I ActivityManager: Process com.google.android.bluetooth (pid 6725) has died: psvc PER 
05-22 22:52:46.350  1002   381   381 E android.hardware.bluetooth.service.default: Bluetooth remote service has died
05-22 22:52:46.350  root   356   356 I Zygote  : Process 6725 exited due to signal 9 (Killed)
05-22 22:52:46.350  1002   381   381 I android.hardware.bluetooth.service.default: close
05-22 22:52:46.352  1002   381   381 E android.hardware.bluetooth.service.default: unable to open /dev/rfkill: Permission denied
05-22 22:52:46.353  1002   381   381 E android.hardware.bluetooth.service.default: rfkill unavailable
05-22 22:52:46.353  1000   579  2150 W ActivityManager: Scheduling restart of crashed service com.google.android.bluetooth/com.android.bluetooth.gatt.GattService in 1000ms for connection
05-22 22:52:46.353  1002   381   381 E android.hardware.bluetooth-service.default: unlinkToDeath: removed reference to death recipient but unlink failed: DEAD_OBJECT
05-22 22:52:46.354  1000   579  1747 I MediaSessionStack: removeSession | record: com.google.android.bluetooth/BluetoothMediaBrowserService (userId=0)
05-22 22:52:46.355  1000   579  2163 I MediaSessionStack: removeSession | record: com.google.android.bluetooth/BluetoothMediaBrowserService (userId=0)
05-22 22:52:46.356  1000   579  1693 W BluetoothManagerService: Profile service for profile: ComponentInfo{com.google.android.bluetooth/com.android.bluetooth.hearingaid.HearingAidService} died.
05-22 22:52:46.357  1000   579  1693 D BluetoothHearingAid: Proxy object disconnected
05-22 22:52:46.357  1000   579  1693 D BluetoothHearingAid: Unbinding service...
05-22 22:52:46.358  1000   579  1693 D BluetoothHearingAid: Proxy object disconnected
05-22 22:52:46.358  1000   579  1693 D BluetoothHearingAid: Unbinding service...
05-22 22:52:46.359  1000   579  1693 D BluetoothHearingAid: Proxy object disconnected
05-22 22:52:46.359  1000   579  2150 W ActivityManager: Scheduling restart of crashed service com.google.android.bluetooth/com.android.bluetooth.btservice.AdapterService in 10994ms for connection
05-22 22:52:46.360  1000   579  1669 W BluetoothManagerService: Profile service for profile: ComponentInfo{com.google.android.bluetooth/com.android.bluetooth.hfp.HeadsetService} died.
05-22 22:52:46.362  1000   579  1669 D BluetoothHeadset: Proxy object disconnected
05-22 22:52:46.362  1000   579  2161 W AS.PlaybackActivityMon: client died
05-22 22:52:46.363  1000   579   621 I libprocessgroup: Successfully killed process cgroup uid 1002 pid 6725 in 0ms
05-22 22:52:46.365  1000   579   579 D BluetoothManagerService: BluetoothServiceConnection, disconnected: com.android.bluetooth.gatt.GattService
05-22 22:52:46.366  1000   579   579 D BluetoothManagerService: BluetoothServiceConnection, disconnected: com.android.bluetooth.btservice.AdapterService
05-22 22:52:46.367 10163   810  7124 D BluetoothPbap: Proxy object disconnected
05-22 22:52:46.368  1000   579   579 D BluetoothA2dp: Proxy object disconnected
05-22 22:52:46.368  1000   579   689 E BluetoothManagerService: MESSAGE_BLUETOOTH_SERVICE_DISCONNECTED(2)
05-22 22:52:46.368 10163   810  7124 D BluetoothPbap: Unbinding service...
